
Allocating common symbols
Common symbol       size              file

pressure_State_ptr  0x4               pressure_Sensor.o

Memory Configuration

Name             Origin             Length             Attributes
FLASH            0x0000000008000000 0x0000000000020000 xr
SRAM             0x0000000020000000 0x0000000000005000 xrw
*default*        0x0000000000000000 0xffffffffffffffff

Linker script and memory map


.text           0x0000000008000000      0x1f8
 *(.vectors)
 .vectors       0x0000000008000000       0x1c startup.o
                0x0000000008000000                vectors
 *(.text)
 .text          0x000000000800001c       0xc4 driver.o
                0x000000000800001c                Delay
                0x000000000800003c                getPressureVal
                0x0000000008000054                Set_Alarm_actuator
                0x0000000008000090                GPIO_INITIALIZATION
 .text          0x00000000080000e0       0x24 main.o
                0x00000000080000e0                main
 .text          0x0000000008000104       0x2c Mointor_Alarm.o
                0x0000000008000104                High_Pressure_Detection
 .text          0x0000000008000130       0x40 pressure_Sensor.o
                0x0000000008000130                ST_Reading
 .text          0x0000000008000170       0x88 startup.o
                0x0000000008000170                Bus_fault_Handler
                0x0000000008000170                Defult_Handler
                0x0000000008000170                MM_fault_Handler
                0x0000000008000170                Usage_fault_Handler
                0x0000000008000170                H_fault_Handler
                0x0000000008000170                NMI_Handler
                0x000000000800017c                Reset_Handler
 *(.rodata)
                0x00000000080001f8                E_text = .

.glue_7         0x00000000080001f8        0x0
 .glue_7        0x00000000080001f8        0x0 linker stubs

.glue_7t        0x00000000080001f8        0x0
 .glue_7t       0x00000000080001f8        0x0 linker stubs

.vfp11_veneer   0x00000000080001f8        0x0
 .vfp11_veneer  0x00000000080001f8        0x0 linker stubs

.v4_bx          0x00000000080001f8        0x0
 .v4_bx         0x00000000080001f8        0x0 linker stubs

.iplt           0x00000000080001f8        0x0
 .iplt          0x00000000080001f8        0x0 driver.o

.rel.dyn        0x00000000080001f8        0x0
 .rel.iplt      0x00000000080001f8        0x0 driver.o

.data           0x0000000020000000        0x8 load address 0x00000000080001f8
                0x0000000020000000                S_data = .
 *(.data)
 .data          0x0000000020000000        0x0 driver.o
 .data          0x0000000020000000        0x0 main.o
 .data          0x0000000020000000        0x4 Mointor_Alarm.o
                0x0000000020000000                AlarmPeriod
 .data          0x0000000020000004        0x4 pressure_Sensor.o
                0x0000000020000004                threshold
 .data          0x0000000020000008        0x0 startup.o
                0x0000000020000008                . = ALIGN (0x4)
                0x0000000020000008                E_data = .

.igot.plt       0x0000000020000008        0x0 load address 0x0000000008000200
 .igot.plt      0x0000000020000008        0x0 driver.o

.bss            0x0000000020000008     0x1008 load address 0x0000000008000200
                0x0000000020000008                S_bss = .
 *(.bss)
 .bss           0x0000000020000008        0x0 driver.o
 .bss           0x0000000020000008        0x0 main.o
 .bss           0x0000000020000008        0x0 Mointor_Alarm.o
 .bss           0x0000000020000008        0x4 pressure_Sensor.o
                0x0000000020000008                Pval
 .bss           0x000000002000000c        0x0 startup.o
                0x000000002000000c                E_bss = .
                0x000000002000000c                . = ALIGN (0x4)
                0x000000002000100c                . = (. + 0x1000)
 *fill*         0x000000002000000c     0x1000 
                0x000000002000100c                stack_top = .
 COMMON         0x000000002000100c        0x4 pressure_Sensor.o
                0x000000002000100c                pressure_State_ptr
LOAD driver.o
LOAD main.o
LOAD Mointor_Alarm.o
LOAD pressure_Sensor.o
LOAD startup.o
OUTPUT(Pressure_Sensor.elf elf32-littlearm)

.debug_info     0x0000000000000000     0x2909
 .debug_info    0x0000000000000000      0xa05 driver.o
 .debug_info    0x0000000000000a05      0x9b5 main.o
 .debug_info    0x00000000000013ba      0x9de Mointor_Alarm.o
 .debug_info    0x0000000000001d98      0x9e2 pressure_Sensor.o
 .debug_info    0x000000000000277a      0x18f startup.o

.debug_abbrev   0x0000000000000000      0x7c7
 .debug_abbrev  0x0000000000000000      0x1de driver.o
 .debug_abbrev  0x00000000000001de      0x195 main.o
 .debug_abbrev  0x0000000000000373      0x1cf Mointor_Alarm.o
 .debug_abbrev  0x0000000000000542      0x1b1 pressure_Sensor.o
 .debug_abbrev  0x00000000000006f3       0xd4 startup.o

.debug_loc      0x0000000000000000      0x240
 .debug_loc     0x0000000000000000      0x140 driver.o
 .debug_loc     0x0000000000000140       0x2c main.o
 .debug_loc     0x000000000000016c       0x2c Mointor_Alarm.o
 .debug_loc     0x0000000000000198       0x2c pressure_Sensor.o
 .debug_loc     0x00000000000001c4       0x7c startup.o

.debug_aranges  0x0000000000000000       0xa0
 .debug_aranges
                0x0000000000000000       0x20 driver.o
 .debug_aranges
                0x0000000000000020       0x20 main.o
 .debug_aranges
                0x0000000000000040       0x20 Mointor_Alarm.o
 .debug_aranges
                0x0000000000000060       0x20 pressure_Sensor.o
 .debug_aranges
                0x0000000000000080       0x20 startup.o

.debug_line     0x0000000000000000      0xabf
 .debug_line    0x0000000000000000      0x2ca driver.o
 .debug_line    0x00000000000002ca      0x201 main.o
 .debug_line    0x00000000000004cb      0x1f4 Mointor_Alarm.o
 .debug_line    0x00000000000006bf      0x20c pressure_Sensor.o
 .debug_line    0x00000000000008cb      0x1f4 startup.o

.debug_str      0x0000000000000000      0x61b
 .debug_str     0x0000000000000000      0x513 driver.o
                                        0x580 (size before relaxing)
 .debug_str     0x0000000000000513       0x2f main.o
                                        0x54f (size before relaxing)
 .debug_str     0x0000000000000542       0x34 Mointor_Alarm.o
                                        0x57d (size before relaxing)
 .debug_str     0x0000000000000576       0x2c pressure_Sensor.o
                                        0x56f (size before relaxing)
 .debug_str     0x00000000000005a2       0x79 startup.o
                                        0x1c0 (size before relaxing)

.comment        0x0000000000000000       0x7b
 .comment       0x0000000000000000       0x7b driver.o
                                         0x7c (size before relaxing)
 .comment       0x000000000000007b       0x7c main.o
 .comment       0x000000000000007b       0x7c Mointor_Alarm.o
 .comment       0x000000000000007b       0x7c pressure_Sensor.o
 .comment       0x000000000000007b       0x7c startup.o

.ARM.attributes
                0x0000000000000000       0x33
 .ARM.attributes
                0x0000000000000000       0x33 driver.o
 .ARM.attributes
                0x0000000000000033       0x33 main.o
 .ARM.attributes
                0x0000000000000066       0x33 Mointor_Alarm.o
 .ARM.attributes
                0x0000000000000099       0x33 pressure_Sensor.o
 .ARM.attributes
                0x00000000000000cc       0x33 startup.o

.debug_frame    0x0000000000000000      0x174
 .debug_frame   0x0000000000000000       0xa0 driver.o
 .debug_frame   0x00000000000000a0       0x2c main.o
 .debug_frame   0x00000000000000cc       0x2c Mointor_Alarm.o
 .debug_frame   0x00000000000000f8       0x2c pressure_Sensor.o
 .debug_frame   0x0000000000000124       0x50 startup.o
