
Allocating common symbols
Common symbol       size              file

arr3                0x3               main.o

Memory Configuration

Name             Origin             Length             Attributes
flash            0x0000000008000000 0x0000000000020000 xr
sram             0x0000000020000000 0x0000000000005000 xrw
*default*        0x0000000000000000 0xffffffffffffffff

Linker script and memory map


.text           0x0000000008000000      0x138
 *(.vectors*)
 .vectors       0x0000000008000000       0x1c startup.o
                0x0000000008000000                vectors
 *(.text*)
 .text          0x000000000800001c       0x8c main.o
                0x000000000800001c                main
 .text          0x00000000080000a8       0x90 startup.o
                0x00000000080000a8                Bus_fault
                0x00000000080000a8                MM_fault_Handler
                0x00000000080000a8                Usage_fault_Handler
                0x00000000080000a8                H_fault_Handler
                0x00000000080000a8                Default_Handler
                0x00000000080000a8                NMI_Handler
                0x00000000080000b4                Reset_Handler
 *(.rodata)
                0x0000000008000138                E_text = .

.glue_7         0x0000000008000138        0x0
 .glue_7        0x0000000008000138        0x0 linker stubs

.glue_7t        0x0000000008000138        0x0
 .glue_7t       0x0000000008000138        0x0 linker stubs

.vfp11_veneer   0x0000000008000138        0x0
 .vfp11_veneer  0x0000000008000138        0x0 linker stubs

.v4_bx          0x0000000008000138        0x0
 .v4_bx         0x0000000008000138        0x0 linker stubs

.iplt           0x0000000008000138        0x0
 .iplt          0x0000000008000138        0x0 main.o

.rel.dyn        0x0000000008000138        0x0
 .rel.iplt      0x0000000008000138        0x0 main.o

.data           0x0000000020000000        0xc load address 0x0000000008000138
                0x0000000020000000                S_data = .
 *(.data)
 .data          0x0000000020000000        0xb main.o
                0x0000000020000000                R_ODR
                0x0000000020000004                arr
                0x0000000020000008                arr2
 .data          0x000000002000000b        0x0 startup.o
                0x000000002000000c                . = ALIGN (0x4)
 *fill*         0x000000002000000b        0x1 
                0x000000002000000c                E_data = .

.igot.plt       0x000000002000000c        0x0 load address 0x0000000008000144
 .igot.plt      0x000000002000000c        0x0 main.o

.bss            0x000000002000000c     0x1003 load address 0x0000000008000144
                0x000000002000000c                S_bss = .
 *(.bss)
 .bss           0x000000002000000c        0x0 main.o
 .bss           0x000000002000000c        0x0 startup.o
                0x000000002000000c                . = ALIGN (0x4)
                0x000000002000000c                E_bss = .
                0x000000002000100c                . = (. + 0x1000)
 *fill*         0x000000002000000c     0x1000 
                0x000000002000100c                stack_top = .
 COMMON         0x000000002000100c        0x3 main.o
                0x000000002000100c                arr3
LOAD main.o
LOAD startup.o
OUTPUT(learn_in_depth_cortex-m3.elf elf32-littlearm)

.debug_info     0x0000000000000000      0xc61
 .debug_info    0x0000000000000000      0xad2 main.o
 .debug_info    0x0000000000000ad2      0x18f startup.o

.debug_abbrev   0x0000000000000000      0x2c4
 .debug_abbrev  0x0000000000000000      0x1f0 main.o
 .debug_abbrev  0x00000000000001f0       0xd4 startup.o

.debug_loc      0x0000000000000000       0xb4
 .debug_loc     0x0000000000000000       0x38 main.o
 .debug_loc     0x0000000000000038       0x7c startup.o

.debug_aranges  0x0000000000000000       0x40
 .debug_aranges
                0x0000000000000000       0x20 main.o
 .debug_aranges
                0x0000000000000020       0x20 startup.o

.debug_line     0x0000000000000000      0x57e
 .debug_line    0x0000000000000000      0x38a main.o
 .debug_line    0x000000000000038a      0x1f4 startup.o

.debug_str      0x0000000000000000      0x58e
 .debug_str     0x0000000000000000      0x514 main.o
                                        0x581 (size before relaxing)
 .debug_str     0x0000000000000514       0x7a startup.o
                                        0x1bc (size before relaxing)

.comment        0x0000000000000000       0x7b
 .comment       0x0000000000000000       0x7b main.o
                                         0x7c (size before relaxing)
 .comment       0x000000000000007b       0x7c startup.o

.ARM.attributes
                0x0000000000000000       0x33
 .ARM.attributes
                0x0000000000000000       0x33 main.o
 .ARM.attributes
                0x0000000000000033       0x33 startup.o

.debug_frame    0x0000000000000000       0x80
 .debug_frame   0x0000000000000000       0x30 main.o
 .debug_frame   0x0000000000000030       0x50 startup.o
